// Jest Snapshot v1, https://goo.gl/fbAQLP

exports[`TextInput Component renders without crashing 1`] = `
<form
  autoComplete="off"
  className="form-main"
  onSubmit={[Function]}
>
  <div
    className="form-control-root"
  >
    <input
      className="base-input"
      id="standard-basic"
      onChange={[Function]}
      onKeyPress={[Function]}
      placeholder="Sending Message..."
      type="text"
      value=""
    />
    <styled.div
      aria-label="Click to send a message"
      sendIcon={true}
      tabIndex="0"
    >
      <styled.svg
        data-test="svg-icon"
        onClick={[Function]}
        sendIcon={true}
        viewBox="0 0 24 24"
      >
        <path
          d="M2.01 21L23 12 2.01 3 2 10l15 2-15 2z"
        />
        <path
          d="M0 0h24v24H0z"
          fill="none"
        />
      </styled.svg>
    </styled.div>
  </div>
</form>
`;
