// Jest Snapshot v1, https://goo.gl/fbAQLP

exports[`Icon renders without crashing 1`] = `
.c0 {
  fill: currentColor;
  width: 1.5em;
  height: 1.5em;
  font-size: 1.5rem;
  color: #00bcd4;
  margin-right: 0.1rem;
  position: absolute;
  -webkit-transform: rotate(90deg);
  -ms-transform: rotate(90deg);
  transform: rotate(90deg);
}

.sc-AxjAm:hover .c0 {
  color: #fff;
}

<svg
  className="c0"
/>
`;
